// Jest Snapshot v1, https://goo.gl/fbAQLP

exports[`Filter component should render with default props 1`] = `
<div>
  <span>
    Search by
  </span>
  <ul>
    <li
      key="title"
    >
      <button
        onClick={[Function]}
        type="button"
      >
        title
      </button>
    </li>
    <li
      key="genre"
    >
      <button
        onClick={[Function]}
        type="button"
      >
        genre
      </button>
    </li>
  </ul>
</div>
`;
